[36mvite v5.4.21 [32mbuilding SSR bundle for production...[36m[39m
transforming...
[32mΓ£ô[39m 13 modules transformed.
rendering chunks...
[2mout/main/[22m[36mindex.js  [39m[1m[2m21.60 kB[22m[1m[22m
[32mΓ£ô built in 485ms[39m
[36mvite v5.4.21 [32mbuilding SSR bundle for production...[36m[39m
transforming...
[32mΓ£ô[39m 2 modules transformed.
rendering chunks...
[2mout/preload/[22m[36mindex.js  [39m[1m[2m3.11 kB[22m[1m[22m
[32mΓ£ô built in 12ms[39m
[36mvite v5.4.21 [32mbuilding for production...[36m[39m
transforming...
[32mΓ£ô[39m 33 modules transformed.
node.exe : [31mx[39m Build failed in 371ms
At C:\Program Files\nodejs\npx.ps1:29 char:3
+   & $NODE_EXE $NPX_CLI_JS $args
+   ~~~~~~~~~~~~~~~~~~~~~~~~~~~~~
    + CategoryInfo          : NotSpecified: ([31mx[3 
   9m Build failed in 371ms:String) [], RemoteExcepti  
  on
    + FullyQualifiedErrorId : NativeCommandError
 
[31merror during build:
[31mCould not resolve 
"../../components/execution/LiveLogViewer" from 
"src/pages/Logs.tsx"[31m
file: [36mD:/COURSES/robocopy/robosync/src/pages/Logs.
tsx[31m
    at getRollupError (file:///D:/COURSES/robocopy/robo
sync/node_modules/rollup/dist/es/shared/parseAst.js:402
:41)
    at error (file:///D:/COURSES/robocopy/robosync/node
_modules/rollup/dist/es/shared/parseAst.js:398:42)
    at ModuleLoader.handleInvalidResolvedId (file:///D:
/COURSES/robocopy/robosync/node_modules/rollup/dist/es/
shared/node-entry.js:21710:24)
    at file:///D:/COURSES/robocopy/robosync/node_module
s/rollup/dist/es/shared/node-entry.js:21670:26[39m
